# serializer version: 1
# name: test_cli_help
  '''
  Usage: cli [OPTIONS]
  
    SUISA Sendemeldung.
  
    Create and send playout reports to SUISA.
  
    The reports are based on data from ACRCloud.
  
  Options:
    Settings: 
      --output [file|email|stdout]  How to output the report  [env var:
                                    SENDEMELDUNG_OUTPUT; default: file]
      --crid-mode [local|cridlib]   How to generate the identifier in the report
                                    [env var: SENDEMELDUNG_CRID_MODE; default:
                                    local]
    ACRCloud configuration: 
      --acr-bearer-token TEXT       Bearer token for ACRCloud API access  [env
                                    var: SENDEMELDUNG_ACR_BEARER_TOKEN; required]
      --acr-project-id INTEGER      Id of the project in ACRCloud  [env var:
                                    SENDEMELDUNG_ACR_PROJECT_ID; required]
      --acr-stream-id TEXT          Id of the stream in ACRCloud  [env var:
                                    SENDEMELDUNG_ACR_STREAM_ID; required]
    Configure the range of the report: 
      --last-month / --by-date      The default is to generate ia report for the
                                    full last month, use --by-date with --date-
                                    start and --date-end for a range  [env var:
                                    SENDEMELDUNG_DATE_LAST_MONTH; default: last-
                                    month]
      --date-start TEXT             The start date of the interval in format YYYY-
                                    MM-DD [env var: SENDEMELDUNG_DATE_START;
                                    default: now - 30d]
      --date-end TEXT               The end date of the interval in format YYYY-
                                    MM-DD [env var: SENDEMELDUNG_DATE_END;
                                    default: now]
    Basic station information: 
      --station-name TEXT           Station name, used in output and emails  [env
                                    var: SENDEMELDUNG_STATION_NAME; default: Radio
                                    Bern RaBe]
      --station-name-short TEXT     Shortname for station as used in filenames
                                    (locally and in attachment)  [env var:
                                    SENDEMELDUNG_STATION_NAME_SHORT; default:
                                    rabe]
    Localization configuration: 
      --l10n-timezone TEXT          [env var: SENDEMELDUNG_L10N_TIMEZONE; default:
                                    Europe/Zurich]
      --l10n-locale TEXT            [env var: SENDEMELDUNG_L10N_LOCALE; default:
                                    de_CH]
    File configuration: 
      --file-format [xlsx|csv]      [env var: SENDEMELDUNG_FILE_FORMAT; default:
                                    xlsx]
      --file-path TEXT              [env var: SENDEMELDUNG_FILE_PATH]
    Email configuration: 
      --email-sender TEXT           the sender of the email  [env var:
                                    SENDEMELDUNG_EMAIL_SENDER]
      --email-to TEXT               the recipients of the email  [env var:
                                    SENDEMELDUNG_EMAIL_TO]
      --email-server TEXT           the smtp server to send the mail with  [env
                                    var: SENDEMELDUNG_EMAIL_SERVER]
      --email-port INTEGER          the port of the smtp server  [env var:
                                    SENDEMELDUNG_EMAIL_PORT; default: 587]
      --email-username TEXT         the username to logon to the smtp server
                                    (default: email_from)  [env var:
                                    SENDEMELDUNG_EMAIL_USERNAME]
      --email-password TEXT         the password for the smtp server  [env var:
                                    SENDEMELDUNG_EMAIL_PASSWORD; default:
                                    (*******)]
      --email-responsible-email TEXT
                                    Used to hint whom to contact in the emails
                                    text.  [env var:
                                    SENDEMELDUNG_EMAIL_RESPONSIBLE_EMAIL]
      --email-cc TEXT               the cc recipients of the email  [env var:
                                    SENDEMELDUNG_EMAIL_CC]
      --email-bcc TEXT              the bcc recipients of the email  [env var:
                                    SENDEMELDUNG_EMAIL_BCC]
      --email-subject TEXT          Template for subject of the email.
                                    
                                    Placeholders are $station_name, $year and
                                    $month.  [env var: SENDEMELDUNG_EMAIL_SUBJECT]
      --email-text TEXT             Template for email text.
                                    
                                    Placeholders are $station_name, $month, $year,
                                    $previous_year, $responsible_email, and
                                    $email_footer.  [env var:
                                    SENDEMELDUNG_EMAIL_TEXT]
      --email-footer TEXT           Footer for the Email  [env var:
                                    SENDEMELDUNG_EMAIL_FOOTER]
    --help                          Show this message and exit.
  
  '''
# ---
# name: test_get_csv
  '''
  Sender,Titel des Musikwerks,Name des Komponisten,Interpret(en),Sendedatum,Sendedauer,Sendezeit,ISRC,Label,Identifikationsnummer,Eigenaufnahmen,EAN / GTIN,Albumtitel / Titel des Tonträgers,Aufnahmedatum,Aufnahmeland,Erstveröffentlichungsdatum,Katalog-Nummer / CD ID,Werkverzeichnisangaben,Bestellnummer,Veröffentlichungsland,Liveaufnahme
  
  '''
# ---
# name: test_get_csv.1
  '''
  Sender,Titel des Musikwerks,Name des Komponisten,Interpret(en),Sendedatum,Sendedauer,Sendezeit,ISRC,Label,Identifikationsnummer,Eigenaufnahmen,EAN / GTIN,Albumtitel / Titel des Tonträgers,Aufnahmedatum,Aufnahmeland,Erstveröffentlichungsdatum,Katalog-Nummer / CD ID,Werkverzeichnisangaben,Bestellnummer,Veröffentlichungsland,Liveaufnahme
  Station Name,Uhrenvergleich,,,1993-03-01,00:01:00,13:12:00,,,crid://rabe.ch/v1/test,nein,,,,,,,,,,
  Station Name,Meme Dub,Da Composah,Da Gang,1993-03-01,00:01:00,13:37:00,DEZ650710376,,crid://rabe.ch/v1/test,nein,,"album, but string",,,,,,,,
  Station Name,Bubbles,,"Mary's Surprise Act, Climmy Jiff",1993-03-01,00:01:00,16:20:00,DEZ650710376,Jane Records,crid://rabe.ch/v1/test,nein,greedy-capitalist-number,Da Alboom,,,20221213,,,,,
  Station Name,,,Artists as string not list,1993-03-01,00:01:00,17:17:17,,,crid://rabe.ch/v1/test,nein,,,,,,,,,,
  Station Name,Long Playing,,,1993-03-01,19:48:57,18:18:18,,,crid://rabe.ch/v1/test,nein,,,,,,,,,,
  Station Name,composer in works,Worker,,1993-03-01,19:48:57,18:18:18,,,crid://rabe.ch/v1/test,nein,,,,,,,,,,
  Station Name,composer better in works,composer,same,1993-03-01,19:48:57,18:18:18,,,crid://rabe.ch/v1/test,nein,,,,,,,,,,
  
  '''
# ---
# name: test_get_csv.2
  '''
  Sender,Titel des Musikwerks,Name des Komponisten,Interpret(en),Sendedatum,Sendedauer,Sendezeit,ISRC,Label,Identifikationsnummer,Eigenaufnahmen,EAN / GTIN,Albumtitel / Titel des Tonträgers,Aufnahmedatum,Aufnahmeland,Erstveröffentlichungsdatum,Katalog-Nummer / CD ID,Werkverzeichnisangaben,Bestellnummer,Veröffentlichungsland,Liveaufnahme
  Station Name,Uhrenvergleich,,,1993-03-01,00:01:00,13:12:00,,,1993-03-01T13:12:00+00:00#acrid=a1,nein,,,,,,,,,,
  Station Name,Meme Dub,Da Composah,Da Gang,1993-03-01,00:01:00,13:37:00,DEZ650710376,,1993-03-01T13:37:00+00:00#acrid=a2,nein,,"album, but string",,,,,,,,
  Station Name,Bubbles,,"Mary's Surprise Act, Climmy Jiff",1993-03-01,00:01:00,16:20:00,DEZ650710376,Jane Records,1993-03-01T16:20:00+00:00#acrid=a3,nein,greedy-capitalist-number,Da Alboom,,,20221213,,,,,
  Station Name,,,Artists as string not list,1993-03-01,00:01:00,17:17:17,,,1993-03-01T17:17:17+00:00#acrid=a4,nein,,,,,,,,,,
  Station Name,Long Playing,,,1993-03-01,19:48:57,18:18:18,,,1993-03-01T18:18:18+00:00#acrid=a5,nein,,,,,,,,,,
  Station Name,composer in works,Worker,,1993-03-01,19:48:57,18:18:18,,,1993-03-01T18:18:18+00:00#acrid=a6,nein,,,,,,,,,,
  Station Name,composer better in works,composer,same,1993-03-01,19:48:57,18:18:18,,,1993-03-01T18:18:18+00:00#acrid=a6,nein,,,,,,,,,,
  
  '''
# ---
# name: test_get_xlsx
  list([
    tuple(
      'Sender',
      'Titel des Musikwerks',
      'Name des Komponisten',
      'Interpret(en)',
      'Sendedatum',
      'Sendedauer',
      'Sendezeit',
      'ISRC',
      'Label',
      'Identifikationsnummer',
      'Eigenaufnahmen',
      'EAN / GTIN',
      'Albumtitel / Titel des Tonträgers',
      'Aufnahmedatum',
      'Aufnahmeland',
      'Erstveröffentlichungsdatum',
      'Katalog-Nummer / CD ID',
      'Werkverzeichnisangaben',
      'Bestellnummer',
      'Veröffentlichungsland',
      'Liveaufnahme',
    ),
  ])
# ---
# name: test_get_xlsx.1
  DimensionHolder({
    'A': <ColumnDimension Instance, Attributes={'width': '9', 'customWidth': '1', 'min': '1', 'max': '1'}>,
    'B': <ColumnDimension Instance, Attributes={'width': '23', 'customWidth': '1', 'min': '2', 'max': '2'}>,
    'C': <ColumnDimension Instance, Attributes={'width': '23', 'customWidth': '1', 'min': '3', 'max': '3'}>,
    'D': <ColumnDimension Instance, Attributes={'width': '16', 'customWidth': '1', 'min': '4', 'max': '4'}>,
    'E': <ColumnDimension Instance, Attributes={'width': '13', 'customWidth': '1', 'min': '5', 'max': '5'}>,
    'F': <ColumnDimension Instance, Attributes={'width': '13', 'customWidth': '1', 'min': '6', 'max': '6'}>,
    'G': <ColumnDimension Instance, Attributes={'width': '12', 'customWidth': '1', 'min': '7', 'max': '7'}>,
    'H': <ColumnDimension Instance, Attributes={'width': '7', 'customWidth': '1', 'min': '8', 'max': '8'}>,
    'I': <ColumnDimension Instance, Attributes={'width': '8', 'customWidth': '1', 'min': '9', 'max': '9'}>,
    'J': <ColumnDimension Instance, Attributes={'width': '24', 'customWidth': '1', 'min': '10', 'max': '10'}>,
    'K': <ColumnDimension Instance, Attributes={'width': '17', 'customWidth': '1', 'min': '11', 'max': '11'}>,
    'L': <ColumnDimension Instance, Attributes={'width': '13', 'customWidth': '1', 'min': '12', 'max': '12'}>,
    'M': <ColumnDimension Instance, Attributes={'width': '36', 'customWidth': '1', 'min': '13', 'max': '13'}>,
    'N': <ColumnDimension Instance, Attributes={'width': '16', 'customWidth': '1', 'min': '14', 'max': '14'}>,
    'O': <ColumnDimension Instance, Attributes={'width': '15', 'customWidth': '1', 'min': '15', 'max': '15'}>,
    'P': <ColumnDimension Instance, Attributes={'width': '29', 'customWidth': '1', 'min': '16', 'max': '16'}>,
    'Q': <ColumnDimension Instance, Attributes={'width': '25', 'customWidth': '1', 'min': '17', 'max': '17'}>,
    'R': <ColumnDimension Instance, Attributes={'width': '25', 'customWidth': '1', 'min': '18', 'max': '18'}>,
    'S': <ColumnDimension Instance, Attributes={'width': '16', 'customWidth': '1', 'min': '19', 'max': '19'}>,
    'T': <ColumnDimension Instance, Attributes={'width': '24', 'customWidth': '1', 'min': '20', 'max': '20'}>,
    'U': <ColumnDimension Instance, Attributes={'width': '15', 'customWidth': '1', 'min': '21', 'max': '21'}>,
  })
# ---
