# serializer version: 1
# name: test_cli_help
  '''
  usage: pytest [-h] --bearer-token BEARER_TOKEN --project-id PROJECT_ID
                --stream-id STREAM_ID [--station-name STATION_NAME]
                [--station-name-short STATION_NAME_SHORT] [--file]
                [--filetype {xlsx,csv}] [--email] [--email-from EMAIL_FROM]
                [--email-to EMAIL_TO] [--email-cc EMAIL_CC]
                [--email-bcc EMAIL_BCC] [--email-server EMAIL_SERVER]
                [--email-login EMAIL_LOGIN] [--email-pass EMAIL_PASS]
                [--email-subject EMAIL_SUBJECT] [--email-text EMAIL_TEXT]
                [--email-footer EMAIL_FOOTER]
                [--responsible-email RESPONSIBLE_EMAIL]
                [--start-date START_DATE] [--end-date END_DATE] [--last-month]
                --timezone TIMEZONE [--locale LOCALE] [--filename FILENAME]
                [--stdout]
  
  options:
    -h, --help            show this help message and exit
    --bearer-token BEARER_TOKEN
                          the bearer token for ACRCloud (required) [env var:
                          BEARER_TOKEN]
    --project-id PROJECT_ID
                          the id of the project at ACRCloud (required) [env var:
                          PROJECT_ID]
    --stream-id STREAM_ID
                          the id of the stream at ACRCloud (required) [env var:
                          STREAM_ID]
    --station-name STATION_NAME
                          Station name, used in Output and Emails [env var:
                          STATION_NAME]
    --station-name-short STATION_NAME_SHORT
                          Shortname for station as used in Filenames (locally
                          and in attachment) [env var: STATION_NAME_SHORT]
    --file                create file [env var: FILE]
    --filetype {xlsx,csv}
                          filetype to attach to email or write to file [env var:
                          FILETYPE]
    --email               send an email [env var: EMAIL]
    --email-from EMAIL_FROM
                          the sender of the email [env var: EMAIL_FROM]
    --email-to EMAIL_TO   the recipients of the email [env var: EMAIL_TO]
    --email-cc EMAIL_CC   the cc recipients of the email [env var: EMAIL_CC]
    --email-bcc EMAIL_BCC
                          the bcc recipients of the email [env var: EMAIL_BCC]
    --email-server EMAIL_SERVER
                          the smtp server to send the mail with [env var:
                          EMAIL_SERVER]
    --email-login EMAIL_LOGIN
                          the username to logon to the smtp server (default:
                          email_from) [env var: EMAIL_LOGIN]
    --email-pass EMAIL_PASS
                          the password for the smtp server [env var: EMAIL_PASS]
    --email-subject EMAIL_SUBJECT
                          Template for subject of the email. Placeholders are
                          $station_name, $year and $month. [env var:
                          EMAIL_SUBJECT]
    --email-text EMAIL_TEXT
                          Template for email text. Placeholders are
                          $station_name, $month, $year, $previous_year,
                          $responsible_email, and $email_footer. [env var:
                          EMAIL_TEXT]
    --email-footer EMAIL_FOOTER
                          Footer for the Email [env var: EMAIL_FOOTER]
    --responsible-email RESPONSIBLE_EMAIL
                          Used to hint whom to contact in the emails text. [env
                          var: RESPONSIBLE_EMAIL]
    --start-date START_DATE
                          the start date of the interval in format YYYY-MM-DD
                          (default: 30 days before end_date) [env var:
                          START_DATE]
    --end-date END_DATE   the end date of the interval in format YYYY-MM-DD
                          (default: today) [env var: END_DATE]
    --last-month          download data of whole last month [env var:
                          LAST_MONTH]
    --timezone TIMEZONE   set the timezone for localization [env var: TIMEZONE]
    --locale LOCALE       set locale for date and time formatting [env var:
                          LOCALE]
    --filename FILENAME   Output filename. Default: -
                          <station_name_short>_<year>_<month>.csv when reporting
                          last month - <station_name_short>_<start_date>.csv
                          else [env var: FILENAME]
    --stdout              also print to stdout [env var: STDOUT]
  
   In general, command-line values override environment variables which override
  defaults.
  
  '''
# ---
